15:52:52 | INFO    | Pipeline run run_20261009T155252_f0555a | load 2 | effective date 2016-01-01
15:52:52 | INFO    | STEP 1/9: Validate source files
15:52:52 | INFO    |   29 source files found and structurally valid
15:52:52 | INFO    | STEP 2/9: Create / prepare OLTP database
15:52:52 | INFO    |   databases ready: asb_oltp.duckdb (OLTP), asb_olap.duckdb (OLAP + etl logging)
15:52:52 | INFO    | STEP 3/9: Ingest CSV files into OLTP tables
15:52:52 | INFO    |   loaded batch 2 customer extract from data/batch2
15:52:52 | INFO    |   application.cities                 file_rows=   37,940  table_rows=   37,940
15:52:52 | INFO    |   application.countries              file_rows=      190  table_rows=      190
15:52:52 | INFO    |   application.delivery_methods       file_rows=       10  table_rows=       10
15:52:52 | INFO    |   application.payment_methods        file_rows=        4  table_rows=        4
15:52:52 | INFO    |   application.people                 file_rows=    1,111  table_rows=    1,111
15:52:52 | INFO    |   application.state_provinces        file_rows=       53  table_rows=       53
15:52:52 | INFO    |   application.transaction_types      file_rows=       13  table_rows=       13
15:52:52 | INFO    |   purchasing.purchase_order_lines    file_rows=    8,367  table_rows=    8,367
15:52:52 | INFO    |   purchasing.purchase_orders         file_rows=    2,074  table_rows=    2,074
15:52:52 | INFO    |   purchasing.supplier_categories     file_rows=        9  table_rows=        9
15:52:52 | INFO    |   purchasing.suppliers               file_rows=       13  table_rows=       13
15:52:53 | INFO    |   purchasing.supplier_transactions   file_rows=    2,438  table_rows=    2,438
15:52:53 | INFO    |   sales.buying_groups                file_rows=        2  table_rows=        2
15:52:53 | INFO    |   sales.customer_categories          file_rows=        8  table_rows=        8
15:52:53 | INFO    |   sales.customers                    file_rows=      663  table_rows=      663
15:52:53 | INFO    |   sales.customer_transactions        file_rows=   97,147  table_rows=   97,147
15:52:53 | INFO    |   sales.invoice_lines                file_rows=  228,265  table_rows=  228,265
15:52:53 | INFO    |   sales.invoices                     file_rows=   70,510  table_rows=   70,510
15:52:53 | INFO    |   sales.order_lines                  file_rows=  231,412  table_rows=  231,412
15:52:53 | INFO    |   sales.orders                       file_rows=   73,595  table_rows=   73,595
15:52:53 | INFO    |   warehouse.cold_room_temperatures   file_rows=        4  table_rows=        4
15:52:53 | INFO    |   warehouse.colors                   file_rows=       36  table_rows=       36
15:52:53 | INFO    |   warehouse.package_types            file_rows=       14  table_rows=       14
15:52:54 | INFO    |   warehouse.stock_groups             file_rows=       10  table_rows=       10
15:52:54 | INFO    |   warehouse.stock_item_holdings      file_rows=      227  table_rows=      227
15:52:54 | INFO    |   warehouse.stock_items              file_rows=      227  table_rows=      227
15:52:54 | INFO    |   warehouse.stock_item_stock_groups  file_rows=      442  table_rows=      442
15:52:54 | INFO    |   warehouse.stock_item_transactions  file_rows=  236,667  table_rows=  236,667
15:52:54 | INFO    |   warehouse.vehicle_temperatures     file_rows=   65,998  table_rows=   65,998
15:52:54 | INFO    | STEP 4/9: Validate OLTP load
15:52:54 | INFO    |   [PASS] table_rows_equal_file_rows                       application.cities           rows=0
15:52:54 | INFO    |   [PASS] table_rows_equal_file_rows                       application.countries        rows=0
15:52:54 | INFO    |   [PASS] table_rows_equal_file_rows                       application.delivery_methods rows=0
15:52:54 | INFO    |   [PASS] table_rows_equal_file_rows                       application.payment_methods  rows=0
15:52:54 | INFO    |   [PASS] table_rows_equal_file_rows                       application.people           rows=0
15:52:54 | INFO    |   [PASS] table_rows_equal_file_rows                       application.state_provinces  rows=0
15:52:54 | INFO    |   [PASS] table_rows_equal_file_rows                       application.transaction_types rows=0
15:52:54 | INFO    |   [PASS] table_rows_equal_file_rows                       purchasing.purchase_order_lines rows=0
15:52:54 | INFO    |   [PASS] table_rows_equal_file_rows                       purchasing.purchase_orders   rows=0
15:52:54 | INFO    |   [PASS] table_rows_equal_file_rows                       purchasing.supplier_categories rows=0
15:52:54 | INFO    |   [PASS] table_rows_equal_file_rows                       purchasing.suppliers         rows=0
15:52:54 | INFO    |   [PASS] table_rows_equal_file_rows                       purchasing.supplier_transactions rows=0
15:52:54 | INFO    |   [PASS] table_rows_equal_file_rows                       sales.buying_groups          rows=0
15:52:54 | INFO    |   [PASS] table_rows_equal_file_rows                       sales.customer_categories    rows=0
15:52:54 | INFO    |   [PASS] table_rows_equal_file_rows                       sales.customers              rows=0
15:52:54 | INFO    |   [PASS] table_rows_equal_file_rows                       sales.customer_transactions  rows=0
15:52:54 | INFO    |   [PASS] table_rows_equal_file_rows                       sales.invoice_lines          rows=0
15:52:54 | INFO    |   [PASS] table_rows_equal_file_rows                       sales.invoices               rows=0
15:52:54 | INFO    |   [PASS] table_rows_equal_file_rows                       sales.order_lines            rows=0
15:52:54 | INFO    |   [PASS] table_rows_equal_file_rows                       sales.orders                 rows=0
15:52:54 | INFO    |   [PASS] table_rows_equal_file_rows                       warehouse.cold_room_temperatures rows=0
15:52:54 | INFO    |   [PASS] table_rows_equal_file_rows                       warehouse.colors             rows=0
15:52:54 | INFO    |   [PASS] table_rows_equal_file_rows                       warehouse.package_types      rows=0
15:52:54 | INFO    |   [PASS] table_rows_equal_file_rows                       warehouse.stock_groups       rows=0
15:52:54 | INFO    |   [PASS] table_rows_equal_file_rows                       warehouse.stock_item_holdings rows=0
15:52:54 | INFO    |   [PASS] table_rows_equal_file_rows                       warehouse.stock_items        rows=0
15:52:54 | INFO    |   [PASS] table_rows_equal_file_rows                       warehouse.stock_item_stock_groups rows=0
15:52:54 | INFO    |   [PASS] table_rows_equal_file_rows                       warehouse.stock_item_transactions rows=0
15:52:54 | INFO    |   [PASS] table_rows_equal_file_rows                       warehouse.vehicle_temperatures rows=0
15:52:54 | INFO    |   [PASS] pk_not_null                                      sales.customers              rows=0
15:52:54 | INFO    |   [PASS] pk_unique                                        sales.customers              rows=0
15:52:54 | INFO    |   [PASS] pk_not_null                                      sales.orders                 rows=0
15:52:54 | INFO    |   [PASS] pk_unique                                        sales.orders                 rows=0
15:52:54 | INFO    |   [PASS] pk_not_null                                      sales.order_lines            rows=0
15:52:55 | INFO    |   [PASS] pk_unique                                        sales.order_lines            rows=0
15:52:55 | INFO    |   [PASS] pk_not_null                                      sales.invoices               rows=0
15:52:55 | INFO    |   [PASS] pk_unique                                        sales.invoices               rows=0
15:52:55 | INFO    |   [PASS] pk_not_null                                      sales.invoice_lines          rows=0
15:52:55 | INFO    |   [PASS] pk_unique                                        sales.invoice_lines          rows=0
15:52:55 | INFO    |   [PASS] pk_not_null                                      warehouse.stock_items        rows=0
15:52:55 | INFO    |   [PASS] pk_unique                                        warehouse.stock_items        rows=0
15:52:55 | INFO    |   [PASS] pk_not_null                                      application.people           rows=0
15:52:55 | INFO    |   [PASS] pk_unique                                        application.people           rows=0
15:52:55 | INFO    |   [PASS] pk_not_null                                      application.cities           rows=0
15:52:55 | INFO    |   [PASS] pk_unique                                        application.cities           rows=0
15:52:55 | INFO    |   [PASS] pk_not_null                                      application.state_provinces  rows=0
15:52:55 | INFO    |   [PASS] pk_unique                                        application.state_provinces  rows=0
15:52:55 | INFO    |   [PASS] pk_not_null                                      application.countries        rows=0
15:52:55 | INFO    |   [PASS] pk_unique                                        application.countries        rows=0
15:52:55 | INFO    |   [PASS] pk_not_null                                      sales.customer_categories    rows=0
15:52:55 | INFO    |   [PASS] pk_unique                                        sales.customer_categories    rows=0
15:52:55 | INFO    |   [PASS] pk_not_null                                      sales.buying_groups          rows=0
15:52:55 | INFO    |   [PASS] pk_unique                                        sales.buying_groups          rows=0
15:52:55 | INFO    |   [PASS] pk_not_null                                      warehouse.colors             rows=0
15:52:55 | INFO    |   [PASS] pk_unique                                        warehouse.colors             rows=0
15:52:55 | INFO    |   [PASS] pk_not_null                                      warehouse.package_types      rows=0
15:52:55 | INFO    |   [PASS] pk_unique                                        warehouse.package_types      rows=0
15:52:55 | INFO    |   [PASS] pk_not_null                                      purchasing.suppliers         rows=0
15:52:55 | INFO    |   [PASS] pk_unique                                        purchasing.suppliers         rows=0
15:52:55 | INFO    |   [PASS] pk_not_null                                      application.delivery_methods rows=0
15:52:55 | INFO    |   [PASS] pk_unique                                        application.delivery_methods rows=0
15:52:55 | INFO    |   [PASS] pk_not_null                                      warehouse.stock_groups       rows=0
15:52:55 | INFO    |   [PASS] pk_unique                                        warehouse.stock_groups       rows=0
15:52:55 | INFO    |   [PASS] fk_CustomerCategoryID                            sales.customers              rows=0
15:52:55 | INFO    |   [PASS] fk_BuyingGroupID                                 sales.customers              rows=0
15:52:55 | INFO    |   [PASS] fk_DeliveryCityID                                sales.customers              rows=0
15:52:55 | INFO    |   [PASS] fk_BillToCustomerID                              sales.customers              rows=0
15:52:55 | INFO    |   [PASS] fk_PrimaryContactPersonID                        sales.customers              rows=0
15:52:55 | INFO    |   [PASS] fk_CustomerID                                    sales.orders                 rows=0
15:52:55 | INFO    |   [PASS] fk_SalespersonPersonID                           sales.orders                 rows=0
15:52:56 | INFO    |   [PASS] fk_OrderID                                       sales.order_lines            rows=0
15:52:56 | INFO    |   [PASS] fk_StockItemID                                   sales.order_lines            rows=0
15:52:56 | INFO    |   [PASS] fk_OrderID                                       sales.invoices               rows=0
15:52:56 | INFO    |   [PASS] fk_CustomerID                                    sales.invoices               rows=0
15:52:56 | INFO    |   [PASS] fk_SalespersonPersonID                           sales.invoices               rows=0
15:52:56 | INFO    |   [PASS] fk_InvoiceID                                     sales.invoice_lines          rows=0
15:52:56 | INFO    |   [PASS] fk_StockItemID                                   sales.invoice_lines          rows=0
15:52:56 | INFO    |   [PASS] fk_StateProvinceID                               application.cities           rows=0
15:52:56 | INFO    |   [PASS] fk_CountryID                                     application.state_provinces  rows=0
15:52:56 | INFO    |   [PASS] fk_SupplierID                                    warehouse.stock_items        rows=0
15:52:56 | INFO    |   [PASS] fk_ColorID                                       warehouse.stock_items        rows=0
15:52:56 | INFO    |   [PASS] order_line_quantity_positive                     sales.order_lines            rows=0
15:52:57 | INFO    |   [PASS] invoice_line_quantity_positive                   sales.invoice_lines          rows=0
15:52:57 | INFO    |   [PASS] order_line_price_not_negative                    sales.order_lines            rows=0
15:52:57 | INFO    |   [PASS] invoice_line_price_not_negative                  sales.invoice_lines          rows=0
15:52:58 | INFO    |   [PASS] invoice_line_extended_price_formula              sales.invoice_lines          rows=0
15:52:58 | INFO    |   [PASS] order_date_valid                                 sales.orders                 rows=0
15:52:58 | INFO    |   [PASS] invoice_date_valid                               sales.invoices               rows=0
15:52:59 | INFO    |   [PASS] expected_delivery_not_before_order               sales.orders                 rows=0
15:52:59 | INFO    |   [PASS] invoice_not_before_order                         sales.invoices               rows=0
15:53:00 | INFO    |   [PASS] delivery_not_before_invoice                      sales.invoices               rows=0
15:53:00 | INFO    |   OLTP validation: 91 PASS, 0 WARN, 0 INFO, 0 FAIL
15:53:00 | INFO    | STEP 5/9: Prepare OLAP schemas and staging
15:53:00 | INFO    |   staging tables (stg_customer, chg_customer) are created inside dim_customer.sql
15:53:00 | INFO    | STEP 6/9: Load dimensions (incl. SCD Type 2)
15:53:00 | INFO    |   dim_date                   rows=6,941
15:53:00 | INFO    |   dim_city                   rows=37,941
15:53:00 | INFO    |   dim_employee               rows=20
15:53:00 | INFO    |   dim_stock_item             rows=228
15:53:00 | INFO    |   bridge_stock_item_group    rows=442
15:53:00 | INFO    |   dim_customer               rows=676
15:53:00 | INFO    |   dim_customer: 675 versions, 663 current
15:53:00 | INFO    | STEP 7/9: Load facts
15:53:01 | INFO    |   fact_order                 rows=231,412
15:53:02 | INFO    |   fact_sale                  rows=228,265
15:53:02 | INFO    | STEP 8/9: Run final data-quality checks
15:53:02 | INFO    |   [PASS] date_key_unique                                  dim_date                     rows=0
15:53:02 | INFO    |   [PASS] city_key_unique                                  dim_city                     rows=0
15:53:02 | INFO    |   [PASS] employee_key_unique                              dim_employee                 rows=0
15:53:02 | INFO    |   [PASS] stock_item_key_unique                            dim_stock_item               rows=0
15:53:02 | INFO    |   [PASS] customer_key_unique                              dim_customer                 rows=0
15:53:02 | INFO    |   [PASS] city_id_business_key_unique                      dim_city                     rows=0
15:53:02 | INFO    |   [PASS] person_id_business_key_unique                    dim_employee                 rows=0
15:53:02 | INFO    |   [PASS] stock_item_id_business_key_unique                dim_stock_item               rows=0
15:53:02 | INFO    |   [PASS] scd_exactly_one_current_row_per_customer         dim_customer                 rows=0
15:53:02 | INFO    |   [PASS] scd_no_overlapping_date_ranges                   dim_customer                 rows=0
15:53:02 | INFO    |   [PASS] scd_end_date_not_before_start_date               dim_customer                 rows=0
15:53:02 | INFO    |   [PASS] scd_no_gaps_between_versions                     dim_customer                 rows=0
15:53:02 | INFO    |   [PASS] dim_customer_covers_every_oltp_customer          dim_customer                 rows=0
15:53:02 | INFO    |   [PASS] fact_order_rows_equal_oltp_order_lines           fact_order                   rows=0
15:53:02 | INFO    |   [PASS] fact_sale_rows_equal_oltp_invoice_lines          fact_sale                    rows=0
15:53:02 | INFO    |   [PASS] fact_order_grain_unique                          fact_order                   rows=0
15:53:02 | INFO    |   [PASS] fact_sale_grain_unique                           fact_sale                    rows=0
15:53:03 | INFO    |   [PASS] fact_sale_total_matches_oltp                     fact_sale                    rows=0
15:53:03 | INFO    |   [PASS] fact_sale_profit_matches_oltp                    fact_sale                    rows=0
15:53:03 | INFO    |   [PASS] fact_order_quantity_matches_oltp                 fact_order                   rows=0
15:53:03 | INFO    |   [PASS] fact_order_total_equals_excl_plus_tax            fact_order                   rows=0
15:53:03 | INFO    |   [PASS] fact_order_customer_version_valid_on_order_date  fact_order                   rows=0
15:53:03 | INFO    |   [PASS] fact_sale_customer_version_valid_on_invoice_date fact_sale                    rows=0
15:53:03 | INFO    |   [PASS] fact_order_quantity_positive                     fact_order                   rows=0
15:53:03 | INFO    |   [PASS] fact_sale_quantity_positive                      fact_sale                    rows=0
15:53:03 | INFO    |   [PASS] fact_order.customer_key_resolves_to_dimension    fact_order                   rows=0
15:53:03 | INFO    |   [PASS] fact_order.city_key_resolves_to_dimension        fact_order                   rows=0
15:53:03 | INFO    |   [PASS] fact_order.stock_item_key_resolves_to_dimension  fact_order                   rows=0
15:53:03 | INFO    |   [PASS] fact_order.salesperson_key_resolves_to_dimension fact_order                   rows=0
15:53:03 | INFO    |   [PASS] fact_order.order_date_key_resolves_to_dimension  fact_order                   rows=0
15:53:03 | INFO    |   [PASS] fact_sale.customer_key_resolves_to_dimension     fact_sale                    rows=0
15:53:03 | INFO    |   [PASS] fact_sale.bill_to_customer_key_resolves_to_dimension fact_sale                    rows=0
15:53:03 | INFO    |   [PASS] fact_sale.city_key_resolves_to_dimension         fact_sale                    rows=0
15:53:03 | INFO    |   [PASS] fact_sale.stock_item_key_resolves_to_dimension   fact_sale                    rows=0
15:53:03 | INFO    |   [PASS] fact_sale.salesperson_key_resolves_to_dimension  fact_sale                    rows=0
15:53:03 | INFO    |   [PASS] fact_sale.invoice_date_key_resolves_to_dimension fact_sale                    rows=0
15:53:03 | INFO    |   [INFO] fact_order.picker_key_unknown_member_rows        fact_order                   rows=23740
15:53:03 | INFO    |   [INFO] fact_order.picked_date_key_unknown_member_rows   fact_order                   rows=3147
15:53:03 | INFO    |   [INFO] fact_order.invoice_date_key_unknown_member_rows  fact_order                   rows=3147
15:53:03 | INFO    |   [INFO] fact_sale.delivery_date_key_unknown_member_rows  fact_sale                    rows=284
15:53:03 | INFO    |   (no earlier successful run of load 2 to compare for the re-run check)
15:53:03 | INFO    |   OLAP checks: 36 PASS, 0 WARN, 4 INFO, 0 FAIL
15:53:03 | INFO    | STEP 9/9: Record pipeline result
15:53:04 | INFO    |   16 business queries exported to evidence/run_20261009T155252_f0555a/queries
15:53:04 | INFO    | PIPELINE SUCCESS | log: logs/run_20261009T155252_f0555a.log | evidence: evidence/run_20261009T155252_f0555a/
